// Jest Snapshot v1, https://goo.gl/fbAQLP

exports[`Card List Container should render matching default styles 1`] = `
<DocumentFragment>
  <div
    class="sc-bdfBQB lezuDS"
  >
    <div
      class="sc-gsTEea MCeuV"
    >
      1
    </div>
    <div
      class="sc-gsTEea MCeuV"
    >
      2
    </div>
    <div
      class="sc-gsTEea MCeuV"
    >
      3
    </div>
  </div>
</DocumentFragment>
`;
