// Jest Snapshot v1, https://goo.gl/fbAQLP

exports[`Dropdown should render Dropdown and match styles 1`] = `
<DocumentFragment>
  <form
    action=""
    class="sc-bdfBQB ncswd"
  >
    <label
      class="sc-dlfnuX dbiQCg"
      for="services"
    />
    <select
      class="sc-gsTEea bCJcBN"
      id="services"
      name="services"
    />
  </form>
</DocumentFragment>
`;

exports[`HeaderProducts should render HeaderProducts and match styles 1`] = `
<DocumentFragment>
  <div
    class="sc-bdfBQB kbSEAW"
  >
    <div
      class="sc-gsTEea cGjqSJ"
    >
      <div
        class="sc-dlfnuX fplTjL"
      >
        first
      </div>
    </div>
    <div
      class="sc-gsTEea iOKDyu"
    >
      <div
        class="sc-dlfnuX fplTjL"
      >
        second
      </div>
    </div>
    <div
      class="sc-gsTEea iOKDyu"
    >
      <div
        class="sc-dlfnuX fplTjL"
      >
        third
      </div>
    </div>
  </div>
</DocumentFragment>
`;
