// Jest Snapshot v1, https://goo.gl/fbAQLP

exports[`Container should render and match styles 1`] = `
<DocumentFragment>
  <div
    class="sc-bdfBwQ bTJjre"
  >
    Container
  </div>
</DocumentFragment>
`;
