// Jest Snapshot v1, https://goo.gl/fbAQLP

exports[`MainLayout should render and match styles 1`] = `
<DocumentFragment>
  <div
    class="sc-bdfBQB alQAU"
  >
    MainLayout
  </div>
</DocumentFragment>
`;
