// Jest Snapshot v1, https://goo.gl/fbAQLP

exports[`StickyContainer should render StickyContainer and match styles 1`] = `
<DocumentFragment>
  <div
    class="sc-bdfBQB ceKeiK"
  >
    StickyContainer
  </div>
</DocumentFragment>
`;
