// Jest Snapshot v1, https://goo.gl/fbAQLP

exports[`Container should render Container and match styles 1`] = `
<DocumentFragment>
  <div
    class="sc-bdfBQB gCXrGq"
  >
    Container
  </div>
</DocumentFragment>
`;
